missingOperand
unexpectedOperand
duplicateOperand
missingPhiOperand
instructionWithoutSuccessor
