missingOperand
unexpectedOperand
duplicateOperand
missingPhiOperands
instructionWithoutSuccessor
